// Jest Snapshot v1, https://goo.gl/fbAQLP

exports[`renders with elevation 1`] = `
<div
  className="MuiPaper-root MuiPaper-elevation1 Paper-root-1  MuiPaper-rounded"
>
  dcdc
</div>
`;
